CRASH TIME: 2026-09-05 21:51:53
Skyrim SSE v1.6.1170
CrashLoggerSSE v1-16-0-0 Oct  7 2025 06:54:42

Unhandled exception "EXCEPTION_ACCESS_VIOLATION" at 0x7FF6FE0DE7DD SkyrimSE.exe+143E7DD	mov byte ptr [rbx+rax*1], 0x00
Exception Flags: 0x00000000 (Continuable)
Number of Parameters: 2
Exception Thread ID: 16448
Access Violation: Tried to read memory at 0xFFFFFFFFFFFFFFFF

PROCESS INFO:
	Process ID: 9648
	Crash Thread ID: 16448
	Process Uptime: 00:01:41 (101647ms)
	Working Directory: I:\Modded Skyrim\Stock Game
	Command Line: "I:\Modded Skyrim\Stock Game\\SkyrimSE.exe"
	Executable MD5: 7a44a52dfc92d78f934c4d12ed92f494
	Executable Size: 37157144 bytes
	Executable Modified: 2026-08-10 07:05:16
	Elevated: No

SYSTEM SPECS:
	OS: Microsoft Windows 11 Pro v10.0.26100
	CPU: AuthenticAMD AMD Ryzen 9 9950X 16-Core Processor            
	CPU Cores: 16 logical, 16 physical, 1 packages
	GPU #1: Nvidia NVIDIA GeForce RTX 5080
	GPU #2: AMD AMD Radeon(TM) Graphics
	GPU #3: Microsoft Basic Render Driver
	PHYSICAL MEMORY: 22.18 GB/31.14 GB
	VIRTUAL MEMORY: 95.98 GB/131072.00 GB
	PROCESS MEMORY: Working Set: 7704.55 MB, Private: 19181.48 MB, Peak: 7704.55 MB
	PAGE FAULTS: 4201572 (Peak: 8078811136)
	GPU MEMORY: 10.25/14.85 GB

PROBABLE CALL STACK:
	[ 0] 0x7FF6FE0DE7DD                SkyrimSE.exe+143E7DD -> 104661+0x2ED	mov byte ptr [rbx+rax*1], 0x00
	[ 1] 0x7FF6FE0EB258                SkyrimSE.exe+144B258 -> 104829+0x108	movzx r13d, al
	[ 2] 0x7FF6FD66DC6C                SkyrimSE.exe+09CDC6C -> 54049+0x9C	mov edx, [0x00007FF700290878]
	[ 3] 0x7FF6FD669FF2                SkyrimSE.exe+09C9FF2 -> 54018+0x22	test al, al
	[ 4] 0x7FF6FD2A988E                SkyrimSE.exe+060988E -> 35641+0xEE	nop
	[ 5] 0x7FF6FD2A6938                SkyrimSE.exe+0606938 -> 35600+0x9A8	mov edx, 0x3EE
	[ 6] 0x7FFE082E070B         skse64_1_6_1170.dll+001070B
	[ 7] 0x7FF6FD2B5654                SkyrimSE.exe+0615654 -> 442580+0x354	mov [rbp+0x478], al
	[ 8] 0x7FF6FD2B351A                SkyrimSE.exe+061351A -> 35772+0x46A	test al, al
	[ 9] 0x7FFE082E08D8         skse64_1_6_1170.dll+00108D8
	[10] 0x7FF6FD2E5F3F                SkyrimSE.exe+0645F3F -> 36564+0x9F	mov rax, [0x00007FF6FED98928]
	[11] 0x7FFD952F6C49 PlayerRotationGPSupport.dll+0066C49
	[12] 0x7FFDA331318E                hdtsmp64.dll+004318E	mov edx, 0x10 |  D:\a\hdtSMP64\hdtSMP64\src\Hooks.cpp:213 static void Hooks::MainHooks::Update(RE::Main * const) [?Update@MainHooks@Hooks@@SAXQEAVMain@RE@@@Z]
	[13] 0x7FF6FD2DEAD5                SkyrimSE.exe+063EAD5 -> 36544+0x165	test bl, bl
	[14] 0x7FF6FE1DBB8E                SkyrimSE.exe+153BB8E -> 109636+0x106	mov ebx, eax
	[15] 0x7FFE72E2CCB7                KERNEL32.DLL+002CCB7
	[16] 0x7FFE73DAAD6C                   ntdll.dll+00AAD6C

REGISTERS:
	RAX 0x2274636570736F72 (size_t) [2482718581917446002]
	RCX 0x95D05A           (size_t) [9818202]
	RDX 0x28A7035CFF6      (void*)
	RBX 0x3EA4             (size_t) [16036]
	RSP 0x93D595DC40       (void*)
	RBP 0x28DB6406B00      (void*)
	RSI 0x28DB6630680      (void*)
	RDI 0x28DB65E0FA8      (void*)
	R8  0x4                (size_t) [4]
	R9  0x80               (size_t) [128]
	R10 0x7FFE5B7D0000     (void*)
	R11 0x7FFE5B7EC5DB     (void* -> VCRUNTIME140.dll+001C5DB	vmovdqu8 ymm1, ymmword ptr [rdx+r9*1-0x80])
	R12 0xEF50             (size_t) [61264]
	R13 0x93D595E5E0       (LoadStorageWrapper*)
	R14 0x28DAA0CF640      (void*)
	R15 0x19429            (size_t) [103465]


[trimmed: MODULES, SKSE PLUGINS and PLUGINS sections removed — full plugin list withheld]
